[2023-10-21T16:52:50.256+0200][gc,heap] Heap region size: 1M
[2023-10-21T16:52:50.275+0200][gc     ] Using G1
[2023-10-21T16:52:50.275+0200][gc,heap,coops] Heap address: 0x00000000c0000000, size: 1024 MB, Compressed Oops mode: 32-bit
[2023-10-21T16:52:50.276+0200][gc,cds       ] Mark closed archive regions in map: [0x00000000fff00000, 0x00000000fff6bff8]
[2023-10-21T16:52:50.276+0200][gc,cds       ] Mark open archive regions in map: [0x00000000ffe00000, 0x00000000ffe47ff8]
[2023-10-21T16:52:50.911+0200][gc,start     ] GC(0) Pause Young (Normal) (G1 Evacuation Pause)
[2023-10-21T16:52:50.912+0200][gc,task      ] GC(0) Using 10 workers of 10 for evacuation
[2023-10-21T16:52:50.918+0200][gc,phases    ] GC(0)   Pre Evacuate Collection Set: 0,0ms
[2023-10-21T16:52:50.918+0200][gc,phases    ] GC(0)   Evacuate Collection Set: 5,7ms
[2023-10-21T16:52:50.918+0200][gc,phases    ] GC(0)   Post Evacuate Collection Set: 0,4ms
[2023-10-21T16:52:50.918+0200][gc,phases    ] GC(0)   Other: 1,1ms
[2023-10-21T16:52:50.918+0200][gc,heap      ] GC(0) Eden regions: 51->0(44)
[2023-10-21T16:52:50.918+0200][gc,heap      ] GC(0) Survivor regions: 0->7(7)
[2023-10-21T16:52:50.918+0200][gc,heap      ] GC(0) Old regions: 2->2
[2023-10-21T16:52:50.918+0200][gc,heap      ] GC(0) Humongous regions: 0->0
[2023-10-21T16:52:50.918+0200][gc,metaspace ] GC(0) Metaspace: 14051K(14848K)->14051K(14848K) NonClass: 12325K(12800K)->12325K(12800K) Class: 1726K(2048K)->1726K(2048K)
[2023-10-21T16:52:50.918+0200][gc           ] GC(0) Pause Young (Normal) (G1 Evacuation Pause) 51M->7M(1024M) 7,404ms
[2023-10-21T16:52:50.918+0200][gc,cpu       ] GC(0) User=0,06s Sys=0,00s Real=0,00s
[2023-10-21T16:53:09.863+0200][gc,heap,exit ] Heap
[2023-10-21T16:53:09.863+0200][gc,heap,exit ]  garbage-first heap   total 1048576K, used 16048K [0x00000000c0000000, 0x0000000100000000)
[2023-10-21T16:53:09.863+0200][gc,heap,exit ]   region size 1024K, 16 young (16384K), 7 survivors (7168K)
[2023-10-21T16:53:09.863+0200][gc,heap,exit ]  Metaspace       used 15365K, capacity 15868K, committed 16256K, reserved 1062912K
[2023-10-21T16:53:09.863+0200][gc,heap,exit ]   class space    used 1886K, capacity 2082K, committed 2176K, reserved 1048576K
