[2023-10-24T00:21:29.481+0200][gc,heap] Heap region size: 1M
[2023-10-24T00:21:29.498+0200][gc     ] Using G1
[2023-10-24T00:21:29.498+0200][gc,heap,coops] Heap address: 0x00000000c0000000, size: 1024 MB, Compressed Oops mode: 32-bit
[2023-10-24T00:21:29.498+0200][gc,cds       ] Mark closed archive regions in map: [0x00000000fff00000, 0x00000000fff6bff8]
[2023-10-24T00:21:29.498+0200][gc,cds       ] Mark open archive regions in map: [0x00000000ffe00000, 0x00000000ffe47ff8]
[2023-10-24T00:21:30.351+0200][gc,start     ] GC(0) Pause Young (Normal) (G1 Evacuation Pause)
[2023-10-24T00:21:30.352+0200][gc,task      ] GC(0) Using 10 workers of 10 for evacuation
[2023-10-24T00:21:30.361+0200][gc,phases    ] GC(0)   Pre Evacuate Collection Set: 0,0ms
[2023-10-24T00:21:30.361+0200][gc,phases    ] GC(0)   Evacuate Collection Set: 7,8ms
[2023-10-24T00:21:30.361+0200][gc,phases    ] GC(0)   Post Evacuate Collection Set: 0,5ms
[2023-10-24T00:21:30.361+0200][gc,phases    ] GC(0)   Other: 1,5ms
[2023-10-24T00:21:30.361+0200][gc,heap      ] GC(0) Eden regions: 51->0(44)
[2023-10-24T00:21:30.361+0200][gc,heap      ] GC(0) Survivor regions: 0->7(7)
[2023-10-24T00:21:30.361+0200][gc,heap      ] GC(0) Old regions: 2->3
[2023-10-24T00:21:30.361+0200][gc,heap      ] GC(0) Humongous regions: 0->0
[2023-10-24T00:21:30.361+0200][gc,metaspace ] GC(0) Metaspace: 14062K(14848K)->14062K(14848K) NonClass: 12335K(12800K)->12335K(12800K) Class: 1727K(2048K)->1727K(2048K)
[2023-10-24T00:21:30.361+0200][gc           ] GC(0) Pause Young (Normal) (G1 Evacuation Pause) 51M->7M(1024M) 9,883ms
[2023-10-24T00:21:30.361+0200][gc,cpu       ] GC(0) User=0,07s Sys=0,01s Real=0,01s
[2023-10-24T00:21:30.735+0200][gc,start     ] GC(1) Pause Young (Concurrent Start) (Metadata GC Threshold)
[2023-10-24T00:21:30.735+0200][gc,task      ] GC(1) Using 10 workers of 10 for evacuation
[2023-10-24T00:21:30.746+0200][gc,phases    ] GC(1)   Pre Evacuate Collection Set: 0,1ms
[2023-10-24T00:21:30.746+0200][gc,phases    ] GC(1)   Evacuate Collection Set: 10,4ms
[2023-10-24T00:21:30.746+0200][gc,phases    ] GC(1)   Post Evacuate Collection Set: 0,5ms
[2023-10-24T00:21:30.746+0200][gc,phases    ] GC(1)   Other: 0,2ms
[2023-10-24T00:21:30.746+0200][gc,heap      ] GC(1) Eden regions: 31->0(49)
[2023-10-24T00:21:30.746+0200][gc,heap      ] GC(1) Survivor regions: 7->2(7)
[2023-10-24T00:21:30.746+0200][gc,heap      ] GC(1) Old regions: 3->9
[2023-10-24T00:21:30.746+0200][gc,heap      ] GC(1) Humongous regions: 0->0
[2023-10-24T00:21:30.746+0200][gc,metaspace ] GC(1) Metaspace: 20548K(21248K)->20548K(21248K) NonClass: 18052K(18432K)->18052K(18432K) Class: 2495K(2816K)->2495K(2816K)
[2023-10-24T00:21:30.746+0200][gc           ] GC(1) Pause Young (Concurrent Start) (Metadata GC Threshold) 38M->8M(1024M) 11,249ms
[2023-10-24T00:21:30.746+0200][gc,cpu       ] GC(1) User=0,04s Sys=0,01s Real=0,00s
[2023-10-24T00:21:30.746+0200][gc           ] GC(2) Concurrent Cycle
[2023-10-24T00:21:30.746+0200][gc,marking   ] GC(2) Concurrent Clear Claimed Marks
[2023-10-24T00:21:30.746+0200][gc,marking   ] GC(2) Concurrent Clear Claimed Marks 0,037ms
[2023-10-24T00:21:30.746+0200][gc,marking   ] GC(2) Concurrent Scan Root Regions
[2023-10-24T00:21:30.747+0200][gc,marking   ] GC(2) Concurrent Scan Root Regions 0,941ms
[2023-10-24T00:21:30.747+0200][gc,marking   ] GC(2) Concurrent Mark (1,270s)
[2023-10-24T00:21:30.747+0200][gc,marking   ] GC(2) Concurrent Mark From Roots
[2023-10-24T00:21:30.748+0200][gc,task      ] GC(2) Using 3 workers of 3 for marking
[2023-10-24T00:21:30.753+0200][gc,marking   ] GC(2) Concurrent Mark From Roots 5,500ms
[2023-10-24T00:21:30.753+0200][gc,marking   ] GC(2) Concurrent Preclean
[2023-10-24T00:21:30.753+0200][gc,marking   ] GC(2) Concurrent Preclean 0,206ms
[2023-10-24T00:21:30.753+0200][gc,marking   ] GC(2) Concurrent Mark (1,270s, 1,275s) 5,777ms
[2023-10-24T00:21:30.753+0200][gc,start     ] GC(2) Pause Remark
[2023-10-24T00:21:30.756+0200][gc,stringtable] GC(2) Cleaned string and symbol table, strings: 5170 processed, 0 removed, symbols: 53591 processed, 41 removed
[2023-10-24T00:21:30.756+0200][gc            ] GC(2) Pause Remark 9M->9M(1024M) 2,723ms
[2023-10-24T00:21:30.756+0200][gc,cpu        ] GC(2) User=0,01s Sys=0,00s Real=0,01s
[2023-10-24T00:21:30.756+0200][gc,marking    ] GC(2) Concurrent Rebuild Remembered Sets
[2023-10-24T00:21:30.759+0200][gc,marking    ] GC(2) Concurrent Rebuild Remembered Sets 3,038ms
[2023-10-24T00:21:30.759+0200][gc,start      ] GC(2) Pause Cleanup
[2023-10-24T00:21:30.760+0200][gc            ] GC(2) Pause Cleanup 9M->9M(1024M) 0,218ms
[2023-10-24T00:21:30.760+0200][gc,cpu        ] GC(2) User=0,00s Sys=0,00s Real=0,00s
[2023-10-24T00:21:30.760+0200][gc,marking    ] GC(2) Concurrent Cleanup for Next Mark
[2023-10-24T00:21:30.764+0200][gc,marking    ] GC(2) Concurrent Cleanup for Next Mark 3,990ms
[2023-10-24T00:21:30.764+0200][gc            ] GC(2) Concurrent Cycle 17,383ms
[2023-10-24T00:21:31.783+0200][gc,start      ] GC(3) Pause Young (Normal) (G1 Evacuation Pause)
[2023-10-24T00:21:31.783+0200][gc,task       ] GC(3) Using 10 workers of 10 for evacuation
[2023-10-24T00:21:31.786+0200][gc,phases     ] GC(3)   Pre Evacuate Collection Set: 0,0ms
[2023-10-24T00:21:31.786+0200][gc,phases     ] GC(3)   Evacuate Collection Set: 1,9ms
[2023-10-24T00:21:31.786+0200][gc,phases     ] GC(3)   Post Evacuate Collection Set: 0,5ms
[2023-10-24T00:21:31.786+0200][gc,phases     ] GC(3)   Other: 0,1ms
[2023-10-24T00:21:31.786+0200][gc,heap       ] GC(3) Eden regions: 49->0(47)
[2023-10-24T00:21:31.786+0200][gc,heap       ] GC(3) Survivor regions: 2->4(7)
[2023-10-24T00:21:31.786+0200][gc,heap       ] GC(3) Old regions: 9->9
[2023-10-24T00:21:31.786+0200][gc,heap       ] GC(3) Humongous regions: 129->129
[2023-10-24T00:21:31.786+0200][gc,metaspace  ] GC(3) Metaspace: 28471K(29568K)->28471K(29568K) NonClass: 25181K(25856K)->25181K(25856K) Class: 3290K(3712K)->3290K(3712K)
[2023-10-24T00:21:31.786+0200][gc            ] GC(3) Pause Young (Normal) (G1 Evacuation Pause) 186M->139M(1024M) 2,657ms
[2023-10-24T00:21:31.786+0200][gc,cpu        ] GC(3) User=0,02s Sys=0,00s Real=0,00s
[2023-10-24T00:21:32.217+0200][gc,start      ] GC(4) Pause Young (Concurrent Start) (Metadata GC Threshold)
[2023-10-24T00:21:32.217+0200][gc,task       ] GC(4) Using 10 workers of 10 for evacuation
[2023-10-24T00:21:32.224+0200][gc,phases     ] GC(4)   Pre Evacuate Collection Set: 0,2ms
[2023-10-24T00:21:32.224+0200][gc,phases     ] GC(4)   Evacuate Collection Set: 6,3ms
[2023-10-24T00:21:32.224+0200][gc,phases     ] GC(4)   Post Evacuate Collection Set: 0,5ms
[2023-10-24T00:21:32.224+0200][gc,phases     ] GC(4)   Other: 0,3ms
[2023-10-24T00:21:32.224+0200][gc,heap       ] GC(4) Eden regions: 38->0(44)
[2023-10-24T00:21:32.224+0200][gc,heap       ] GC(4) Survivor regions: 4->7(7)
[2023-10-24T00:21:32.224+0200][gc,heap       ] GC(4) Old regions: 9->10
[2023-10-24T00:21:32.224+0200][gc,heap       ] GC(4) Humongous regions: 129->129
[2023-10-24T00:21:32.224+0200][gc,metaspace  ] GC(4) Metaspace: 34276K(35840K)->34276K(35840K) NonClass: 30276K(31232K)->30276K(31232K) Class: 3999K(4608K)->3999K(4608K)
[2023-10-24T00:21:32.224+0200][gc            ] GC(4) Pause Young (Concurrent Start) (Metadata GC Threshold) 177M->143M(1024M) 7,408ms
[2023-10-24T00:21:32.224+0200][gc,cpu        ] GC(4) User=0,06s Sys=0,00s Real=0,00s
[2023-10-24T00:21:32.224+0200][gc            ] GC(5) Concurrent Cycle
[2023-10-24T00:21:32.224+0200][gc,marking    ] GC(5) Concurrent Clear Claimed Marks
[2023-10-24T00:21:32.224+0200][gc,marking    ] GC(5) Concurrent Clear Claimed Marks 0,146ms
[2023-10-24T00:21:32.224+0200][gc,marking    ] GC(5) Concurrent Scan Root Regions
[2023-10-24T00:21:32.227+0200][gc,marking    ] GC(5) Concurrent Scan Root Regions 2,906ms
[2023-10-24T00:21:32.227+0200][gc,marking    ] GC(5) Concurrent Mark (2,750s)
[2023-10-24T00:21:32.227+0200][gc,marking    ] GC(5) Concurrent Mark From Roots
[2023-10-24T00:21:32.227+0200][gc,task       ] GC(5) Using 3 workers of 3 for marking
[2023-10-24T00:21:32.239+0200][gc,marking    ] GC(5) Concurrent Mark From Roots 11,772ms
[2023-10-24T00:21:32.239+0200][gc,marking    ] GC(5) Concurrent Preclean
[2023-10-24T00:21:32.240+0200][gc,marking    ] GC(5) Concurrent Preclean 0,361ms
[2023-10-24T00:21:32.240+0200][gc,marking    ] GC(5) Concurrent Mark (2,750s, 2,762s) 12,256ms
[2023-10-24T00:21:32.240+0200][gc,start      ] GC(5) Pause Remark
[2023-10-24T00:21:32.245+0200][gc,stringtable] GC(5) Cleaned string and symbol table, strings: 11212 processed, 9 removed, symbols: 84886 processed, 15 removed
[2023-10-24T00:21:32.246+0200][gc            ] GC(5) Pause Remark 144M->144M(1024M) 5,840ms
[2023-10-24T00:21:32.246+0200][gc,cpu        ] GC(5) User=0,03s Sys=0,00s Real=0,00s
[2023-10-24T00:21:32.246+0200][gc,marking    ] GC(5) Concurrent Rebuild Remembered Sets
[2023-10-24T00:21:32.250+0200][gc,marking    ] GC(5) Concurrent Rebuild Remembered Sets 4,243ms
[2023-10-24T00:21:32.251+0200][gc,start      ] GC(5) Pause Cleanup
[2023-10-24T00:21:32.252+0200][gc            ] GC(5) Pause Cleanup 144M->144M(1024M) 0,608ms
[2023-10-24T00:21:32.252+0200][gc,cpu        ] GC(5) User=0,00s Sys=0,00s Real=0,00s
[2023-10-24T00:21:32.252+0200][gc,marking    ] GC(5) Concurrent Cleanup for Next Mark
[2023-10-24T00:21:32.258+0200][gc,marking    ] GC(5) Concurrent Cleanup for Next Mark 5,917ms
[2023-10-24T00:21:32.258+0200][gc            ] GC(5) Concurrent Cycle 34,042ms
[2023-10-24T00:21:44.420+0200][gc,start      ] GC(6) Pause Young (Normal) (G1 Evacuation Pause)
[2023-10-24T00:21:44.420+0200][gc,task       ] GC(6) Using 10 workers of 10 for evacuation
[2023-10-24T00:21:44.425+0200][gc,phases     ] GC(6)   Pre Evacuate Collection Set: 0,0ms
[2023-10-24T00:21:44.425+0200][gc,phases     ] GC(6)   Evacuate Collection Set: 4,7ms
[2023-10-24T00:21:44.425+0200][gc,phases     ] GC(6)   Post Evacuate Collection Set: 0,9ms
[2023-10-24T00:21:44.425+0200][gc,phases     ] GC(6)   Other: 0,2ms
[2023-10-24T00:21:44.425+0200][gc,heap       ] GC(6) Eden regions: 44->0(48)
[2023-10-24T00:21:44.425+0200][gc,heap       ] GC(6) Survivor regions: 7->3(7)
[2023-10-24T00:21:44.425+0200][gc,heap       ] GC(6) Old regions: 10->16
[2023-10-24T00:21:44.425+0200][gc,heap       ] GC(6) Humongous regions: 135->129
[2023-10-24T00:21:44.425+0200][gc,metaspace  ] GC(6) Metaspace: 41440K(44032K)->41440K(44032K) NonClass: 36061K(37376K)->36061K(37376K) Class: 5378K(6656K)->5378K(6656K)
[2023-10-24T00:21:44.425+0200][gc            ] GC(6) Pause Young (Normal) (G1 Evacuation Pause) 193M->146M(1024M) 5,820ms
[2023-10-24T00:21:44.425+0200][gc,cpu        ] GC(6) User=0,05s Sys=0,00s Real=0,00s
[2023-10-24T00:43:46.647+0200][gc,start      ] GC(7) Pause Young (Normal) (G1 Evacuation Pause)
[2023-10-24T00:43:46.647+0200][gc,task       ] GC(7) Using 10 workers of 10 for evacuation
[2023-10-24T00:43:46.649+0200][gc,phases     ] GC(7)   Pre Evacuate Collection Set: 0,0ms
[2023-10-24T00:43:46.649+0200][gc,phases     ] GC(7)   Evacuate Collection Set: 1,6ms
[2023-10-24T00:43:46.649+0200][gc,phases     ] GC(7)   Post Evacuate Collection Set: 0,6ms
[2023-10-24T00:43:46.649+0200][gc,phases     ] GC(7)   Other: 0,1ms
[2023-10-24T00:43:46.649+0200][gc,heap       ] GC(7) Eden regions: 48->0(47)
[2023-10-24T00:43:46.649+0200][gc,heap       ] GC(7) Survivor regions: 3->4(7)
[2023-10-24T00:43:46.649+0200][gc,heap       ] GC(7) Old regions: 16->16
[2023-10-24T00:43:46.649+0200][gc,heap       ] GC(7) Humongous regions: 129->129
[2023-10-24T00:43:46.649+0200][gc,metaspace  ] GC(7) Metaspace: 43262K(45952K)->43262K(45952K) NonClass: 37767K(39168K)->37767K(39168K) Class: 5495K(6784K)->5495K(6784K)
[2023-10-24T00:43:46.649+0200][gc            ] GC(7) Pause Young (Normal) (G1 Evacuation Pause) 194M->146M(1024M) 2,386ms
[2023-10-24T00:43:46.649+0200][gc,cpu        ] GC(7) User=0,02s Sys=0,00s Real=0,00s
[2023-10-24T01:02:04.337+0200][gc,start      ] GC(8) Pause Young (Normal) (G1 Evacuation Pause)
[2023-10-24T01:02:04.337+0200][gc,task       ] GC(8) Using 10 workers of 10 for evacuation
[2023-10-24T01:02:04.344+0200][gc,phases     ] GC(8)   Pre Evacuate Collection Set: 0,0ms
[2023-10-24T01:02:04.344+0200][gc,phases     ] GC(8)   Evacuate Collection Set: 6,0ms
[2023-10-24T01:02:04.344+0200][gc,phases     ] GC(8)   Post Evacuate Collection Set: 0,7ms
[2023-10-24T01:02:04.344+0200][gc,phases     ] GC(8)   Other: 0,3ms
[2023-10-24T01:02:04.344+0200][gc,heap       ] GC(8) Eden regions: 47->0(46)
[2023-10-24T01:02:04.344+0200][gc,heap       ] GC(8) Survivor regions: 4->5(7)
[2023-10-24T01:02:04.344+0200][gc,heap       ] GC(8) Old regions: 16->16
[2023-10-24T01:02:04.344+0200][gc,heap       ] GC(8) Humongous regions: 129->129
[2023-10-24T01:02:04.344+0200][gc,metaspace  ] GC(8) Metaspace: 43645K(46464K)->43645K(46464K) NonClass: 38135K(39680K)->38135K(39680K) Class: 5509K(6784K)->5509K(6784K)
[2023-10-24T01:02:04.344+0200][gc            ] GC(8) Pause Young (Normal) (G1 Evacuation Pause) 193M->147M(1024M) 7,045ms
[2023-10-24T01:02:04.344+0200][gc,cpu        ] GC(8) User=0,06s Sys=0,00s Real=0,00s
[2023-10-24T01:15:00.701+0200][gc,start      ] GC(9) Pause Young (Normal) (G1 Evacuation Pause)
[2023-10-24T01:15:00.701+0200][gc,task       ] GC(9) Using 10 workers of 10 for evacuation
[2023-10-24T01:15:00.705+0200][gc,phases     ] GC(9)   Pre Evacuate Collection Set: 0,0ms
[2023-10-24T01:15:00.705+0200][gc,phases     ] GC(9)   Evacuate Collection Set: 2,4ms
[2023-10-24T01:15:00.705+0200][gc,phases     ] GC(9)   Post Evacuate Collection Set: 1,3ms
[2023-10-24T01:15:00.705+0200][gc,phases     ] GC(9)   Other: 0,2ms
[2023-10-24T01:15:00.705+0200][gc,heap       ] GC(9) Eden regions: 46->0(49)
[2023-10-24T01:15:00.705+0200][gc,heap       ] GC(9) Survivor regions: 5->3(7)
[2023-10-24T01:15:00.705+0200][gc,heap       ] GC(9) Old regions: 16->18
[2023-10-24T01:15:00.705+0200][gc,heap       ] GC(9) Humongous regions: 129->129
[2023-10-24T01:15:00.705+0200][gc,metaspace  ] GC(9) Metaspace: 43937K(46720K)->43937K(46720K) NonClass: 38427K(39936K)->38427K(39936K) Class: 5509K(6784K)->5509K(6784K)
[2023-10-24T01:15:00.705+0200][gc            ] GC(9) Pause Young (Normal) (G1 Evacuation Pause) 193M->147M(1024M) 3,946ms
[2023-10-24T01:15:00.705+0200][gc,cpu        ] GC(9) User=0,03s Sys=0,00s Real=0,00s
[2023-10-24T01:18:02.008+0200][gc,heap,exit  ] Heap
[2023-10-24T01:18:02.008+0200][gc,heap,exit  ]  garbage-first heap   total 1048576K, used 171913K [0x00000000c0000000, 0x0000000100000000)
[2023-10-24T01:18:02.008+0200][gc,heap,exit  ]   region size 1024K, 24 young (24576K), 3 survivors (3072K)
[2023-10-24T01:18:02.008+0200][gc,heap,exit  ]  Metaspace       used 44729K, capacity 47520K, committed 47616K, reserved 1089536K
[2023-10-24T01:18:02.008+0200][gc,heap,exit  ]   class space    used 5734K, capacity 7090K, committed 7168K, reserved 1048576K
