[2023-10-21T20:19:35.433+0200][gc,heap] Heap region size: 1M
[2023-10-21T20:19:35.464+0200][gc     ] Using G1
[2023-10-21T20:19:35.464+0200][gc,heap,coops] Heap address: 0x00000000c0000000, size: 1024 MB, Compressed Oops mode: 32-bit
[2023-10-21T20:19:35.464+0200][gc,cds       ] Mark closed archive regions in map: [0x00000000fff00000, 0x00000000fff6bff8]
[2023-10-21T20:19:35.464+0200][gc,cds       ] Mark open archive regions in map: [0x00000000ffe00000, 0x00000000ffe47ff8]
[2023-10-21T20:19:36.068+0200][gc,start     ] GC(0) Pause Young (Normal) (G1 Evacuation Pause)
[2023-10-21T20:19:36.069+0200][gc,task      ] GC(0) Using 10 workers of 10 for evacuation
[2023-10-21T20:19:36.075+0200][gc,phases    ] GC(0)   Pre Evacuate Collection Set: 0,0ms
[2023-10-21T20:19:36.075+0200][gc,phases    ] GC(0)   Evacuate Collection Set: 5,7ms
[2023-10-21T20:19:36.075+0200][gc,phases    ] GC(0)   Post Evacuate Collection Set: 0,4ms
[2023-10-21T20:19:36.075+0200][gc,phases    ] GC(0)   Other: 1,4ms
[2023-10-21T20:19:36.075+0200][gc,heap      ] GC(0) Eden regions: 51->0(44)
[2023-10-21T20:19:36.075+0200][gc,heap      ] GC(0) Survivor regions: 0->7(7)
[2023-10-21T20:19:36.075+0200][gc,heap      ] GC(0) Old regions: 2->2
[2023-10-21T20:19:36.075+0200][gc,heap      ] GC(0) Humongous regions: 0->0
[2023-10-21T20:19:36.075+0200][gc,metaspace ] GC(0) Metaspace: 14094K(14848K)->14094K(14848K) NonClass: 12364K(12800K)->12364K(12800K) Class: 1729K(2048K)->1729K(2048K)
[2023-10-21T20:19:36.075+0200][gc           ] GC(0) Pause Young (Normal) (G1 Evacuation Pause) 51M->7M(1024M) 7,591ms
[2023-10-21T20:19:36.075+0200][gc,cpu       ] GC(0) User=0,04s Sys=0,01s Real=0,00s
[2023-10-21T20:19:36.464+0200][gc,start     ] GC(1) Pause Young (Concurrent Start) (Metadata GC Threshold)
[2023-10-21T20:19:36.464+0200][gc,task      ] GC(1) Using 10 workers of 10 for evacuation
[2023-10-21T20:19:36.472+0200][gc,phases    ] GC(1)   Pre Evacuate Collection Set: 0,1ms
[2023-10-21T20:19:36.472+0200][gc,phases    ] GC(1)   Evacuate Collection Set: 6,7ms
[2023-10-21T20:19:36.472+0200][gc,phases    ] GC(1)   Post Evacuate Collection Set: 0,5ms
[2023-10-21T20:19:36.472+0200][gc,phases    ] GC(1)   Other: 0,3ms
[2023-10-21T20:19:36.472+0200][gc,heap      ] GC(1) Eden regions: 31->0(49)
[2023-10-21T20:19:36.472+0200][gc,heap      ] GC(1) Survivor regions: 7->2(7)
[2023-10-21T20:19:36.472+0200][gc,heap      ] GC(1) Old regions: 2->9
[2023-10-21T20:19:36.472+0200][gc,heap      ] GC(1) Humongous regions: 0->0
[2023-10-21T20:19:36.472+0200][gc,metaspace ] GC(1) Metaspace: 20510K(21248K)->20510K(21248K) NonClass: 18021K(18432K)->18021K(18432K) Class: 2488K(2816K)->2488K(2816K)
[2023-10-21T20:19:36.472+0200][gc           ] GC(1) Pause Young (Concurrent Start) (Metadata GC Threshold) 38M->8M(1024M) 7,651ms
[2023-10-21T20:19:36.472+0200][gc,cpu       ] GC(1) User=0,02s Sys=0,02s Real=0,01s
[2023-10-21T20:19:36.472+0200][gc           ] GC(2) Concurrent Cycle
[2023-10-21T20:19:36.472+0200][gc,marking   ] GC(2) Concurrent Clear Claimed Marks
[2023-10-21T20:19:36.472+0200][gc,marking   ] GC(2) Concurrent Clear Claimed Marks 0,035ms
[2023-10-21T20:19:36.472+0200][gc,marking   ] GC(2) Concurrent Scan Root Regions
[2023-10-21T20:19:36.473+0200][gc,marking   ] GC(2) Concurrent Scan Root Regions 1,069ms
[2023-10-21T20:19:36.473+0200][gc,marking   ] GC(2) Concurrent Mark (1,046s)
[2023-10-21T20:19:36.473+0200][gc,marking   ] GC(2) Concurrent Mark From Roots
[2023-10-21T20:19:36.473+0200][gc,task      ] GC(2) Using 3 workers of 3 for marking
[2023-10-21T20:19:36.477+0200][gc,marking   ] GC(2) Concurrent Mark From Roots 3,658ms
[2023-10-21T20:19:36.477+0200][gc,marking   ] GC(2) Concurrent Preclean
[2023-10-21T20:19:36.477+0200][gc,marking   ] GC(2) Concurrent Preclean 0,134ms
[2023-10-21T20:19:36.477+0200][gc,marking   ] GC(2) Concurrent Mark (1,046s, 1,050s) 3,822ms
[2023-10-21T20:19:36.477+0200][gc,start     ] GC(2) Pause Remark
[2023-10-21T20:19:36.478+0200][gc,stringtable] GC(2) Cleaned string and symbol table, strings: 5206 processed, 0 removed, symbols: 52950 processed, 45 removed
[2023-10-21T20:19:36.479+0200][gc            ] GC(2) Pause Remark 9M->9M(1024M) 1,474ms
[2023-10-21T20:19:36.479+0200][gc,cpu        ] GC(2) User=0,00s Sys=0,00s Real=0,01s
[2023-10-21T20:19:36.479+0200][gc,marking    ] GC(2) Concurrent Rebuild Remembered Sets
[2023-10-21T20:19:36.481+0200][gc,marking    ] GC(2) Concurrent Rebuild Remembered Sets 2,091ms
[2023-10-21T20:19:36.481+0200][gc,start      ] GC(2) Pause Cleanup
[2023-10-21T20:19:36.481+0200][gc            ] GC(2) Pause Cleanup 10M->10M(1024M) 0,168ms
[2023-10-21T20:19:36.481+0200][gc,cpu        ] GC(2) User=0,00s Sys=0,00s Real=0,00s
[2023-10-21T20:19:36.481+0200][gc,marking    ] GC(2) Concurrent Cleanup for Next Mark
[2023-10-21T20:19:36.484+0200][gc,marking    ] GC(2) Concurrent Cleanup for Next Mark 2,828ms
[2023-10-21T20:19:36.484+0200][gc            ] GC(2) Concurrent Cycle 11,961ms
[2023-10-21T20:19:36.931+0200][gc,start      ] GC(3) Pause Young (Normal) (G1 Evacuation Pause)
[2023-10-21T20:19:36.931+0200][gc,task       ] GC(3) Using 10 workers of 10 for evacuation
[2023-10-21T20:19:36.934+0200][gc,phases     ] GC(3)   Pre Evacuate Collection Set: 0,0ms
[2023-10-21T20:19:36.934+0200][gc,phases     ] GC(3)   Evacuate Collection Set: 2,9ms
[2023-10-21T20:19:36.934+0200][gc,phases     ] GC(3)   Post Evacuate Collection Set: 0,4ms
[2023-10-21T20:19:36.934+0200][gc,phases     ] GC(3)   Other: 0,1ms
[2023-10-21T20:19:36.934+0200][gc,heap       ] GC(3) Eden regions: 49->0(46)
[2023-10-21T20:19:36.934+0200][gc,heap       ] GC(3) Survivor regions: 2->5(7)
[2023-10-21T20:19:36.934+0200][gc,heap       ] GC(3) Old regions: 9->9
[2023-10-21T20:19:36.934+0200][gc,heap       ] GC(3) Humongous regions: 129->129
[2023-10-21T20:19:36.934+0200][gc,metaspace  ] GC(3) Metaspace: 28217K(29312K)->28217K(29312K) NonClass: 24927K(25600K)->24927K(25600K) Class: 3290K(3712K)->3290K(3712K)
[2023-10-21T20:19:36.934+0200][gc            ] GC(3) Pause Young (Normal) (G1 Evacuation Pause) 186M->141M(1024M) 3,540ms
[2023-10-21T20:19:36.934+0200][gc,cpu        ] GC(3) User=0,03s Sys=0,00s Real=0,00s
[2023-10-21T20:19:37.186+0200][gc,start      ] GC(4) Pause Young (Concurrent Start) (Metadata GC Threshold)
[2023-10-21T20:19:37.186+0200][gc,task       ] GC(4) Using 10 workers of 10 for evacuation
[2023-10-21T20:19:37.194+0200][gc,phases     ] GC(4)   Pre Evacuate Collection Set: 0,1ms
[2023-10-21T20:19:37.194+0200][gc,phases     ] GC(4)   Evacuate Collection Set: 7,0ms
[2023-10-21T20:19:37.194+0200][gc,phases     ] GC(4)   Post Evacuate Collection Set: 0,4ms
[2023-10-21T20:19:37.194+0200][gc,phases     ] GC(4)   Other: 0,2ms
[2023-10-21T20:19:37.194+0200][gc,heap       ] GC(4) Eden regions: 33->0(48)
[2023-10-21T20:19:37.194+0200][gc,heap       ] GC(4) Survivor regions: 5->3(7)
[2023-10-21T20:19:37.194+0200][gc,heap       ] GC(4) Old regions: 9->14
[2023-10-21T20:19:37.194+0200][gc,heap       ] GC(4) Humongous regions: 129->129
[2023-10-21T20:19:37.194+0200][gc,metaspace  ] GC(4) Metaspace: 34367K(35840K)->34367K(35840K) NonClass: 30364K(31232K)->30364K(31232K) Class: 4002K(4608K)->4002K(4608K)
[2023-10-21T20:19:37.194+0200][gc            ] GC(4) Pause Young (Concurrent Start) (Metadata GC Threshold) 173M->143M(1024M) 7,866ms
[2023-10-21T20:19:37.194+0200][gc,cpu        ] GC(4) User=0,05s Sys=0,00s Real=0,01s
[2023-10-21T20:19:37.194+0200][gc            ] GC(5) Concurrent Cycle
[2023-10-21T20:19:37.194+0200][gc,marking    ] GC(5) Concurrent Clear Claimed Marks
[2023-10-21T20:19:37.194+0200][gc,marking    ] GC(5) Concurrent Clear Claimed Marks 0,146ms
[2023-10-21T20:19:37.194+0200][gc,marking    ] GC(5) Concurrent Scan Root Regions
[2023-10-21T20:19:37.196+0200][gc,marking    ] GC(5) Concurrent Scan Root Regions 1,276ms
[2023-10-21T20:19:37.196+0200][gc,marking    ] GC(5) Concurrent Mark (1,769s)
[2023-10-21T20:19:37.196+0200][gc,marking    ] GC(5) Concurrent Mark From Roots
[2023-10-21T20:19:37.196+0200][gc,task       ] GC(5) Using 3 workers of 3 for marking
[2023-10-21T20:19:37.207+0200][gc,marking    ] GC(5) Concurrent Mark From Roots 11,638ms
[2023-10-21T20:19:37.207+0200][gc,marking    ] GC(5) Concurrent Preclean
[2023-10-21T20:19:37.208+0200][gc,marking    ] GC(5) Concurrent Preclean 0,206ms
[2023-10-21T20:19:37.208+0200][gc,marking    ] GC(5) Concurrent Mark (1,769s, 1,781s) 11,898ms
[2023-10-21T20:19:37.208+0200][gc,start      ] GC(5) Pause Remark
[2023-10-21T20:19:37.215+0200][gc,stringtable] GC(5) Cleaned string and symbol table, strings: 11030 processed, 10 removed, symbols: 86423 processed, 15 removed
[2023-10-21T20:19:37.215+0200][gc            ] GC(5) Pause Remark 145M->145M(1024M) 7,463ms
[2023-10-21T20:19:37.215+0200][gc,cpu        ] GC(5) User=0,06s Sys=0,00s Real=0,00s
[2023-10-21T20:19:37.215+0200][gc,marking    ] GC(5) Concurrent Rebuild Remembered Sets
[2023-10-21T20:19:37.220+0200][gc,marking    ] GC(5) Concurrent Rebuild Remembered Sets 4,511ms
[2023-10-21T20:19:37.220+0200][gc,start      ] GC(5) Pause Cleanup
[2023-10-21T20:19:37.221+0200][gc            ] GC(5) Pause Cleanup 145M->145M(1024M) 0,280ms
[2023-10-21T20:19:37.221+0200][gc,cpu        ] GC(5) User=0,00s Sys=0,00s Real=0,00s
[2023-10-21T20:19:37.221+0200][gc,marking    ] GC(5) Concurrent Cleanup for Next Mark
[2023-10-21T20:19:37.225+0200][gc,marking    ] GC(5) Concurrent Cleanup for Next Mark 4,635ms
[2023-10-21T20:19:37.225+0200][gc            ] GC(5) Concurrent Cycle 30,936ms
[2023-10-21T20:33:01.081+0200][gc,start      ] GC(6) Pause Young (Normal) (G1 Evacuation Pause)
[2023-10-21T20:33:01.081+0200][gc,task       ] GC(6) Using 10 workers of 10 for evacuation
[2023-10-21T20:33:01.091+0200][gc,phases     ] GC(6)   Pre Evacuate Collection Set: 0,0ms
[2023-10-21T20:33:01.091+0200][gc,phases     ] GC(6)   Evacuate Collection Set: 8,4ms
[2023-10-21T20:33:01.091+0200][gc,phases     ] GC(6)   Post Evacuate Collection Set: 1,5ms
[2023-10-21T20:33:01.091+0200][gc,phases     ] GC(6)   Other: 0,4ms
[2023-10-21T20:33:01.091+0200][gc,heap       ] GC(6) Eden regions: 48->0(46)
[2023-10-21T20:33:01.091+0200][gc,heap       ] GC(6) Survivor regions: 3->5(7)
[2023-10-21T20:33:01.091+0200][gc,heap       ] GC(6) Old regions: 14->14
[2023-10-21T20:33:01.091+0200][gc,heap       ] GC(6) Humongous regions: 129->129
[2023-10-21T20:33:01.091+0200][gc,metaspace  ] GC(6) Metaspace: 40634K(43084K)->40634K(43084K) NonClass: 35381K(36556K)->35381K(36556K) Class: 5253K(6528K)->5253K(6528K)
[2023-10-21T20:33:01.091+0200][gc            ] GC(6) Pause Young (Normal) (G1 Evacuation Pause) 191M->145M(1024M) 10,634ms
[2023-10-21T20:33:01.091+0200][gc,cpu        ] GC(6) User=0,05s Sys=0,03s Real=0,01s
[2023-10-21T20:40:58.440+0200][gc,start      ] GC(7) Pause Young (Normal) (G1 Evacuation Pause)
[2023-10-21T20:40:58.440+0200][gc,task       ] GC(7) Using 10 workers of 10 for evacuation
[2023-10-21T20:40:58.449+0200][gc,phases     ] GC(7)   Pre Evacuate Collection Set: 0,0ms
[2023-10-21T20:40:58.449+0200][gc,phases     ] GC(7)   Evacuate Collection Set: 7,4ms
[2023-10-21T20:40:58.449+0200][gc,phases     ] GC(7)   Post Evacuate Collection Set: 0,7ms
[2023-10-21T20:40:58.449+0200][gc,phases     ] GC(7)   Other: 0,4ms
[2023-10-21T20:40:58.449+0200][gc,heap       ] GC(7) Eden regions: 46->0(45)
[2023-10-21T20:40:58.449+0200][gc,heap       ] GC(7) Survivor regions: 5->6(7)
[2023-10-21T20:40:58.449+0200][gc,heap       ] GC(7) Old regions: 14->16
[2023-10-21T20:40:58.449+0200][gc,heap       ] GC(7) Humongous regions: 129->129
[2023-10-21T20:40:58.449+0200][gc,metaspace  ] GC(7) Metaspace: 43825K(46668K)->43825K(46668K) NonClass: 38143K(39628K)->38143K(39628K) Class: 5682K(7040K)->5682K(7040K)
[2023-10-21T20:40:58.449+0200][gc            ] GC(7) Pause Young (Normal) (G1 Evacuation Pause) 191M->149M(1024M) 8,531ms
[2023-10-21T20:40:58.449+0200][gc,cpu        ] GC(7) User=0,08s Sys=0,00s Real=0,01s
[2023-10-21T21:09:06.533+0200][gc,start      ] GC(8) Pause Young (Normal) (G1 Evacuation Pause)
[2023-10-21T21:09:06.533+0200][gc,task       ] GC(8) Using 10 workers of 10 for evacuation
[2023-10-21T21:09:06.540+0200][gc,phases     ] GC(8)   Pre Evacuate Collection Set: 0,0ms
[2023-10-21T21:09:06.540+0200][gc,phases     ] GC(8)   Evacuate Collection Set: 6,4ms
[2023-10-21T21:09:06.540+0200][gc,phases     ] GC(8)   Post Evacuate Collection Set: 0,5ms
[2023-10-21T21:09:06.540+0200][gc,phases     ] GC(8)   Other: 0,4ms
[2023-10-21T21:09:06.540+0200][gc,heap       ] GC(8) Eden regions: 45->0(49)
[2023-10-21T21:09:06.540+0200][gc,heap       ] GC(8) Survivor regions: 6->2(7)
[2023-10-21T21:09:06.540+0200][gc,heap       ] GC(8) Old regions: 16->20
[2023-10-21T21:09:06.540+0200][gc,heap       ] GC(8) Humongous regions: 129->129
[2023-10-21T21:09:06.540+0200][gc,metaspace  ] GC(8) Metaspace: 44159K(47052K)->44159K(47052K) NonClass: 38450K(39884K)->38450K(39884K) Class: 5709K(7168K)->5709K(7168K)
[2023-10-21T21:09:06.540+0200][gc            ] GC(8) Pause Young (Normal) (G1 Evacuation Pause) 194M->148M(1024M) 7,326ms
[2023-10-21T21:09:06.540+0200][gc,cpu        ] GC(8) User=0,05s Sys=0,01s Real=0,01s
[2023-10-21T21:46:47.726+0200][gc,start      ] GC(9) Pause Young (Normal) (G1 Evacuation Pause)
[2023-10-21T21:46:47.726+0200][gc,task       ] GC(9) Using 10 workers of 10 for evacuation
[2023-10-21T21:46:47.731+0200][gc,phases     ] GC(9)   Pre Evacuate Collection Set: 0,0ms
[2023-10-21T21:46:47.731+0200][gc,phases     ] GC(9)   Evacuate Collection Set: 3,4ms
[2023-10-21T21:46:47.731+0200][gc,phases     ] GC(9)   Post Evacuate Collection Set: 1,2ms
[2023-10-21T21:46:47.731+0200][gc,phases     ] GC(9)   Other: 0,4ms
[2023-10-21T21:46:47.731+0200][gc,heap       ] GC(9) Eden regions: 49->0(49)
[2023-10-21T21:46:47.731+0200][gc,heap       ] GC(9) Survivor regions: 2->2(7)
[2023-10-21T21:46:47.731+0200][gc,heap       ] GC(9) Old regions: 20->20
[2023-10-21T21:46:47.731+0200][gc,heap       ] GC(9) Humongous regions: 129->129
[2023-10-21T21:46:47.731+0200][gc,metaspace  ] GC(9) Metaspace: 44293K(47308K)->44293K(47308K) NonClass: 38578K(40140K)->38578K(40140K) Class: 5714K(7168K)->5714K(7168K)
[2023-10-21T21:46:47.731+0200][gc            ] GC(9) Pause Young (Normal) (G1 Evacuation Pause) 197M->148M(1024M) 5,355ms
[2023-10-21T21:46:47.731+0200][gc,cpu        ] GC(9) User=0,02s Sys=0,02s Real=0,01s
[2023-10-21T22:24:37.726+0200][gc,start      ] GC(10) Pause Young (Normal) (G1 Evacuation Pause)
[2023-10-21T22:24:37.726+0200][gc,task       ] GC(10) Using 10 workers of 10 for evacuation
[2023-10-21T22:24:37.730+0200][gc,phases     ] GC(10)   Pre Evacuate Collection Set: 0,0ms
[2023-10-21T22:24:37.730+0200][gc,phases     ] GC(10)   Evacuate Collection Set: 2,9ms
[2023-10-21T22:24:37.730+0200][gc,phases     ] GC(10)   Post Evacuate Collection Set: 0,9ms
[2023-10-21T22:24:37.730+0200][gc,phases     ] GC(10)   Other: 0,4ms
[2023-10-21T22:24:37.730+0200][gc,heap       ] GC(10) Eden regions: 49->0(56)
[2023-10-21T22:24:37.730+0200][gc,heap       ] GC(10) Survivor regions: 2->2(7)
[2023-10-21T22:24:37.730+0200][gc,heap       ] GC(10) Old regions: 20->20
[2023-10-21T22:24:37.730+0200][gc,heap       ] GC(10) Humongous regions: 129->129
[2023-10-21T22:24:37.730+0200][gc,metaspace  ] GC(10) Metaspace: 44322K(47308K)->44322K(47308K) NonClass: 38607K(40140K)->38607K(40140K) Class: 5714K(7168K)->5714K(7168K)
[2023-10-21T22:24:37.730+0200][gc            ] GC(10) Pause Young (Normal) (G1 Evacuation Pause) 197M->148M(1024M) 4,442ms
[2023-10-21T22:24:37.730+0200][gc,cpu        ] GC(10) User=0,03s Sys=0,00s Real=0,01s
[2023-10-21T23:08:12.725+0200][gc,start      ] GC(11) Pause Young (Normal) (G1 Evacuation Pause)
[2023-10-21T23:08:12.726+0200][gc,task       ] GC(11) Using 10 workers of 10 for evacuation
[2023-10-21T23:08:12.730+0200][gc,phases     ] GC(11)   Pre Evacuate Collection Set: 0,0ms
[2023-10-21T23:08:12.730+0200][gc,phases     ] GC(11)   Evacuate Collection Set: 3,3ms
[2023-10-21T23:08:12.730+0200][gc,phases     ] GC(11)   Post Evacuate Collection Set: 1,1ms
[2023-10-21T23:08:12.731+0200][gc,phases     ] GC(11)   Other: 0,5ms
[2023-10-21T23:08:12.731+0200][gc,heap       ] GC(11) Eden regions: 56->0(323)
[2023-10-21T23:08:12.731+0200][gc,heap       ] GC(11) Survivor regions: 2->1(8)
[2023-10-21T23:08:12.731+0200][gc,heap       ] GC(11) Old regions: 20->20
[2023-10-21T23:08:12.731+0200][gc,heap       ] GC(11) Humongous regions: 129->129
[2023-10-21T23:08:12.731+0200][gc,metaspace  ] GC(11) Metaspace: 44348K(47308K)->44348K(47308K) NonClass: 38633K(40140K)->38633K(40140K) Class: 5714K(7168K)->5714K(7168K)
[2023-10-21T23:08:12.731+0200][gc            ] GC(11) Pause Young (Normal) (G1 Evacuation Pause) 204M->148M(1024M) 5,322ms
[2023-10-21T23:08:12.731+0200][gc,cpu        ] GC(11) User=0,03s Sys=0,00s Real=0,01s
[2023-10-21T23:58:29.470+0200][gc,heap,exit  ] Heap
[2023-10-21T23:58:29.470+0200][gc,heap,exit  ]  garbage-first heap   total 1048576K, used 230798K [0x00000000c0000000, 0x0000000100000000)
[2023-10-21T23:58:29.470+0200][gc,heap,exit  ]   region size 1024K, 80 young (81920K), 1 survivors (1024K)
[2023-10-21T23:58:29.470+0200][gc,heap,exit  ]  Metaspace       used 45110K, capacity 48116K, committed 48332K, reserved 1089536K
[2023-10-21T23:58:29.470+0200][gc,heap,exit  ]   class space    used 5932K, capacity 7406K, committed 7424K, reserved 1048576K
