[2023-10-21T20:18:17.718+0200][gc,heap] Heap region size: 1M
[2023-10-21T20:18:17.733+0200][gc     ] Using G1
[2023-10-21T20:18:17.733+0200][gc,heap,coops] Heap address: 0x00000000c0000000, size: 1024 MB, Compressed Oops mode: 32-bit
[2023-10-21T20:18:17.734+0200][gc,cds       ] Mark closed archive regions in map: [0x00000000fff00000, 0x00000000fff6bff8]
[2023-10-21T20:18:17.734+0200][gc,cds       ] Mark open archive regions in map: [0x00000000ffe00000, 0x00000000ffe47ff8]
[2023-10-21T20:18:18.153+0200][gc,heap,exit ] Heap
[2023-10-21T20:18:18.153+0200][gc,heap,exit ]  garbage-first heap   total 1048576K, used 34512K [0x00000000c0000000, 0x0000000100000000)
[2023-10-21T20:18:18.153+0200][gc,heap,exit ]   region size 1024K, 34 young (34816K), 0 survivors (0K)
[2023-10-21T20:18:18.153+0200][gc,heap,exit ]  Metaspace       used 9678K, capacity 9974K, committed 10368K, reserved 1058816K
[2023-10-21T20:18:18.153+0200][gc,heap,exit ]   class space    used 1188K, capacity 1337K, committed 1408K, reserved 1048576K
