[2023-10-21T20:18:30.764+0200][gc,heap] Heap region size: 1M
[2023-10-21T20:18:30.781+0200][gc     ] Using G1
[2023-10-21T20:18:30.781+0200][gc,heap,coops] Heap address: 0x00000000c0000000, size: 1024 MB, Compressed Oops mode: 32-bit
[2023-10-21T20:18:30.782+0200][gc,cds       ] Mark closed archive regions in map: [0x00000000fff00000, 0x00000000fff6bff8]
[2023-10-21T20:18:30.782+0200][gc,cds       ] Mark open archive regions in map: [0x00000000ffe00000, 0x00000000ffe47ff8]
[2023-10-21T20:18:31.363+0200][gc,start     ] GC(0) Pause Young (Normal) (G1 Evacuation Pause)
[2023-10-21T20:18:31.364+0200][gc,task      ] GC(0) Using 10 workers of 10 for evacuation
[2023-10-21T20:18:31.370+0200][gc,phases    ] GC(0)   Pre Evacuate Collection Set: 0,0ms
[2023-10-21T20:18:31.370+0200][gc,phases    ] GC(0)   Evacuate Collection Set: 5,9ms
[2023-10-21T20:18:31.370+0200][gc,phases    ] GC(0)   Post Evacuate Collection Set: 0,4ms
[2023-10-21T20:18:31.370+0200][gc,phases    ] GC(0)   Other: 1,2ms
[2023-10-21T20:18:31.370+0200][gc,heap      ] GC(0) Eden regions: 51->0(44)
[2023-10-21T20:18:31.370+0200][gc,heap      ] GC(0) Survivor regions: 0->7(7)
[2023-10-21T20:18:31.370+0200][gc,heap      ] GC(0) Old regions: 2->3
[2023-10-21T20:18:31.370+0200][gc,heap      ] GC(0) Humongous regions: 0->0
[2023-10-21T20:18:31.370+0200][gc,metaspace ] GC(0) Metaspace: 13856K(14464K)->13856K(14464K) NonClass: 12151K(12544K)->12151K(12544K) Class: 1705K(1920K)->1705K(1920K)
[2023-10-21T20:18:31.370+0200][gc           ] GC(0) Pause Young (Normal) (G1 Evacuation Pause) 51M->7M(1024M) 7,613ms
[2023-10-21T20:18:31.370+0200][gc,cpu       ] GC(0) User=0,06s Sys=0,00s Real=0,01s
[2023-10-21T20:18:50.292+0200][gc,heap,exit ] Heap
[2023-10-21T20:18:50.292+0200][gc,heap,exit ]  garbage-first heap   total 1048576K, used 17202K [0x00000000c0000000, 0x0000000100000000)
[2023-10-21T20:18:50.292+0200][gc,heap,exit ]   region size 1024K, 17 young (17408K), 7 survivors (7168K)
[2023-10-21T20:18:50.292+0200][gc,heap,exit ]  Metaspace       used 15360K, capacity 15864K, committed 16256K, reserved 1062912K
[2023-10-21T20:18:50.292+0200][gc,heap,exit ]   class space    used 1886K, capacity 2082K, committed 2176K, reserved 1048576K
