[2023-10-23T19:24:23.438+0200][gc,heap] Heap region size: 1M
[2023-10-23T19:24:23.455+0200][gc     ] Using G1
[2023-10-23T19:24:23.455+0200][gc,heap,coops] Heap address: 0x00000000c0000000, size: 1024 MB, Compressed Oops mode: 32-bit
[2023-10-23T19:24:23.455+0200][gc,cds       ] Mark closed archive regions in map: [0x00000000fff00000, 0x00000000fff6bff8]
[2023-10-23T19:24:23.455+0200][gc,cds       ] Mark open archive regions in map: [0x00000000ffe00000, 0x00000000ffe47ff8]
[2023-10-23T19:24:24.384+0200][gc,start     ] GC(0) Pause Young (Normal) (G1 Evacuation Pause)
[2023-10-23T19:24:24.385+0200][gc,task      ] GC(0) Using 10 workers of 10 for evacuation
[2023-10-23T19:24:24.392+0200][gc,phases    ] GC(0)   Pre Evacuate Collection Set: 0,0ms
[2023-10-23T19:24:24.392+0200][gc,phases    ] GC(0)   Evacuate Collection Set: 5,7ms
[2023-10-23T19:24:24.392+0200][gc,phases    ] GC(0)   Post Evacuate Collection Set: 0,5ms
[2023-10-23T19:24:24.392+0200][gc,phases    ] GC(0)   Other: 1,4ms
[2023-10-23T19:24:24.392+0200][gc,heap      ] GC(0) Eden regions: 51->0(44)
[2023-10-23T19:24:24.392+0200][gc,heap      ] GC(0) Survivor regions: 0->7(7)
[2023-10-23T19:24:24.392+0200][gc,heap      ] GC(0) Old regions: 2->2
[2023-10-23T19:24:24.392+0200][gc,heap      ] GC(0) Humongous regions: 0->0
[2023-10-23T19:24:24.392+0200][gc,metaspace ] GC(0) Metaspace: 14134K(14848K)->14134K(14848K) NonClass: 12400K(12800K)->12400K(12800K) Class: 1734K(2048K)->1734K(2048K)
[2023-10-23T19:24:24.392+0200][gc           ] GC(0) Pause Young (Normal) (G1 Evacuation Pause) 51M->7M(1024M) 7,674ms
[2023-10-23T19:24:24.392+0200][gc,cpu       ] GC(0) User=0,04s Sys=0,01s Real=0,01s
[2023-10-23T19:24:25.154+0200][gc,start     ] GC(1) Pause Young (Concurrent Start) (Metadata GC Threshold)
[2023-10-23T19:24:25.154+0200][gc,task      ] GC(1) Using 10 workers of 10 for evacuation
[2023-10-23T19:24:25.162+0200][gc,phases    ] GC(1)   Pre Evacuate Collection Set: 0,0ms
[2023-10-23T19:24:25.162+0200][gc,phases    ] GC(1)   Evacuate Collection Set: 6,5ms
[2023-10-23T19:24:25.162+0200][gc,phases    ] GC(1)   Post Evacuate Collection Set: 1,2ms
[2023-10-23T19:24:25.162+0200][gc,phases    ] GC(1)   Other: 0,3ms
[2023-10-23T19:24:25.162+0200][gc,heap      ] GC(1) Eden regions: 31->0(49)
[2023-10-23T19:24:25.162+0200][gc,heap      ] GC(1) Survivor regions: 7->2(7)
[2023-10-23T19:24:25.162+0200][gc,heap      ] GC(1) Old regions: 2->9
[2023-10-23T19:24:25.162+0200][gc,heap      ] GC(1) Humongous regions: 0->0
[2023-10-23T19:24:25.162+0200][gc,metaspace ] GC(1) Metaspace: 20509K(21248K)->20509K(21248K) NonClass: 18019K(18432K)->18019K(18432K) Class: 2489K(2816K)->2489K(2816K)
[2023-10-23T19:24:25.162+0200][gc           ] GC(1) Pause Young (Concurrent Start) (Metadata GC Threshold) 38M->8M(1024M) 8,315ms
[2023-10-23T19:24:25.162+0200][gc,cpu       ] GC(1) User=0,03s Sys=0,00s Real=0,01s
[2023-10-23T19:24:25.164+0200][gc           ] GC(2) Concurrent Cycle
[2023-10-23T19:24:25.164+0200][gc,marking   ] GC(2) Concurrent Clear Claimed Marks
[2023-10-23T19:24:25.164+0200][gc,marking   ] GC(2) Concurrent Clear Claimed Marks 0,102ms
[2023-10-23T19:24:25.164+0200][gc,marking   ] GC(2) Concurrent Scan Root Regions
[2023-10-23T19:24:25.166+0200][gc,marking   ] GC(2) Concurrent Scan Root Regions 2,085ms
[2023-10-23T19:24:25.166+0200][gc,marking   ] GC(2) Concurrent Mark (1,731s)
[2023-10-23T19:24:25.166+0200][gc,marking   ] GC(2) Concurrent Mark From Roots
[2023-10-23T19:24:25.166+0200][gc,task      ] GC(2) Using 3 workers of 3 for marking
[2023-10-23T19:24:25.170+0200][gc,marking   ] GC(2) Concurrent Mark From Roots 4,511ms
[2023-10-23T19:24:25.170+0200][gc,marking   ] GC(2) Concurrent Preclean
[2023-10-23T19:24:25.171+0200][gc,marking   ] GC(2) Concurrent Preclean 0,168ms
[2023-10-23T19:24:25.171+0200][gc,marking   ] GC(2) Concurrent Mark (1,731s, 1,735s) 4,737ms
[2023-10-23T19:24:25.171+0200][gc,start     ] GC(2) Pause Remark
[2023-10-23T19:24:25.173+0200][gc,stringtable] GC(2) Cleaned string and symbol table, strings: 5193 processed, 0 removed, symbols: 52951 processed, 45 removed
[2023-10-23T19:24:25.173+0200][gc            ] GC(2) Pause Remark 9M->9M(1024M) 2,520ms
[2023-10-23T19:24:25.173+0200][gc,cpu        ] GC(2) User=0,01s Sys=0,01s Real=0,00s
[2023-10-23T19:24:25.173+0200][gc,marking    ] GC(2) Concurrent Rebuild Remembered Sets
[2023-10-23T19:24:25.176+0200][gc,marking    ] GC(2) Concurrent Rebuild Remembered Sets 2,271ms
[2023-10-23T19:24:25.176+0200][gc,start      ] GC(2) Pause Cleanup
[2023-10-23T19:24:25.176+0200][gc            ] GC(2) Pause Cleanup 9M->9M(1024M) 0,305ms
[2023-10-23T19:24:25.176+0200][gc,cpu        ] GC(2) User=0,00s Sys=0,00s Real=0,00s
[2023-10-23T19:24:25.176+0200][gc,marking    ] GC(2) Concurrent Cleanup for Next Mark
[2023-10-23T19:24:25.180+0200][gc,marking    ] GC(2) Concurrent Cleanup for Next Mark 4,040ms
[2023-10-23T19:24:25.180+0200][gc            ] GC(2) Concurrent Cycle 16,666ms
[2023-10-23T19:24:25.885+0200][gc,start      ] GC(3) Pause Young (Normal) (G1 Evacuation Pause)
[2023-10-23T19:24:25.885+0200][gc,task       ] GC(3) Using 10 workers of 10 for evacuation
[2023-10-23T19:24:25.889+0200][gc,phases     ] GC(3)   Pre Evacuate Collection Set: 0,0ms
[2023-10-23T19:24:25.889+0200][gc,phases     ] GC(3)   Evacuate Collection Set: 2,6ms
[2023-10-23T19:24:25.889+0200][gc,phases     ] GC(3)   Post Evacuate Collection Set: 0,5ms
[2023-10-23T19:24:25.889+0200][gc,phases     ] GC(3)   Other: 0,2ms
[2023-10-23T19:24:25.889+0200][gc,heap       ] GC(3) Eden regions: 49->0(46)
[2023-10-23T19:24:25.889+0200][gc,heap       ] GC(3) Survivor regions: 2->5(7)
[2023-10-23T19:24:25.889+0200][gc,heap       ] GC(3) Old regions: 9->9
[2023-10-23T19:24:25.889+0200][gc,heap       ] GC(3) Humongous regions: 129->129
[2023-10-23T19:24:25.889+0200][gc,metaspace  ] GC(3) Metaspace: 28434K(29568K)->28434K(29568K) NonClass: 25141K(25856K)->25141K(25856K) Class: 3293K(3712K)->3293K(3712K)
[2023-10-23T19:24:25.889+0200][gc            ] GC(3) Pause Young (Normal) (G1 Evacuation Pause) 186M->141M(1024M) 3,400ms
[2023-10-23T19:24:25.889+0200][gc,cpu        ] GC(3) User=0,04s Sys=0,00s Real=0,01s
[2023-10-23T19:24:26.305+0200][gc,start      ] GC(4) Pause Young (Concurrent Start) (Metadata GC Threshold)
[2023-10-23T19:24:26.305+0200][gc,task       ] GC(4) Using 10 workers of 10 for evacuation
[2023-10-23T19:24:26.312+0200][gc,phases     ] GC(4)   Pre Evacuate Collection Set: 0,2ms
[2023-10-23T19:24:26.312+0200][gc,phases     ] GC(4)   Evacuate Collection Set: 6,5ms
[2023-10-23T19:24:26.312+0200][gc,phases     ] GC(4)   Post Evacuate Collection Set: 0,4ms
[2023-10-23T19:24:26.312+0200][gc,phases     ] GC(4)   Other: 0,3ms
[2023-10-23T19:24:26.312+0200][gc,heap       ] GC(4) Eden regions: 33->0(48)
[2023-10-23T19:24:26.312+0200][gc,heap       ] GC(4) Survivor regions: 5->3(7)
[2023-10-23T19:24:26.312+0200][gc,heap       ] GC(4) Old regions: 9->14
[2023-10-23T19:24:26.312+0200][gc,heap       ] GC(4) Humongous regions: 129->129
[2023-10-23T19:24:26.312+0200][gc,metaspace  ] GC(4) Metaspace: 34456K(35840K)->34456K(35840K) NonClass: 30441K(31232K)->30441K(31232K) Class: 4015K(4608K)->4015K(4608K)
[2023-10-23T19:24:26.312+0200][gc            ] GC(4) Pause Young (Concurrent Start) (Metadata GC Threshold) 173M->143M(1024M) 7,460ms
[2023-10-23T19:24:26.312+0200][gc,cpu        ] GC(4) User=0,04s Sys=0,00s Real=0,01s
[2023-10-23T19:24:26.312+0200][gc            ] GC(5) Concurrent Cycle
[2023-10-23T19:24:26.312+0200][gc,marking    ] GC(5) Concurrent Clear Claimed Marks
[2023-10-23T19:24:26.312+0200][gc,marking    ] GC(5) Concurrent Clear Claimed Marks 0,068ms
[2023-10-23T19:24:26.312+0200][gc,marking    ] GC(5) Concurrent Scan Root Regions
[2023-10-23T19:24:26.314+0200][gc,marking    ] GC(5) Concurrent Scan Root Regions 1,763ms
[2023-10-23T19:24:26.314+0200][gc,marking    ] GC(5) Concurrent Mark (2,879s)
[2023-10-23T19:24:26.314+0200][gc,marking    ] GC(5) Concurrent Mark From Roots
[2023-10-23T19:24:26.314+0200][gc,task       ] GC(5) Using 3 workers of 3 for marking
[2023-10-23T19:24:26.332+0200][gc,marking    ] GC(5) Concurrent Mark From Roots 18,123ms
[2023-10-23T19:24:26.332+0200][gc,marking    ] GC(5) Concurrent Preclean
[2023-10-23T19:24:26.333+0200][gc,marking    ] GC(5) Concurrent Preclean 0,258ms
[2023-10-23T19:24:26.333+0200][gc,marking    ] GC(5) Concurrent Mark (2,879s, 2,897s) 18,467ms
[2023-10-23T19:24:26.333+0200][gc,start      ] GC(5) Pause Remark
[2023-10-23T19:24:26.336+0200][gc,stringtable] GC(5) Cleaned string and symbol table, strings: 11040 processed, 12 removed, symbols: 86257 processed, 15 removed
[2023-10-23T19:24:26.337+0200][gc            ] GC(5) Pause Remark 145M->145M(1024M) 4,040ms
[2023-10-23T19:24:26.337+0200][gc,cpu        ] GC(5) User=0,02s Sys=0,00s Real=0,01s
[2023-10-23T19:24:26.337+0200][gc,marking    ] GC(5) Concurrent Rebuild Remembered Sets
[2023-10-23T19:24:26.347+0200][gc,marking    ] GC(5) Concurrent Rebuild Remembered Sets 9,828ms
[2023-10-23T19:24:26.348+0200][gc,start      ] GC(5) Pause Cleanup
[2023-10-23T19:24:26.348+0200][gc            ] GC(5) Pause Cleanup 145M->145M(1024M) 0,442ms
[2023-10-23T19:24:26.348+0200][gc,cpu        ] GC(5) User=0,00s Sys=0,00s Real=0,00s
[2023-10-23T19:24:26.348+0200][gc,marking    ] GC(5) Concurrent Cleanup for Next Mark
[2023-10-23T19:24:26.352+0200][gc,marking    ] GC(5) Concurrent Cleanup for Next Mark 4,194ms
[2023-10-23T19:24:26.352+0200][gc            ] GC(5) Concurrent Cycle 40,156ms
[2023-10-23T19:25:00.806+0200][gc,start      ] GC(6) Pause Young (Normal) (G1 Evacuation Pause)
[2023-10-23T19:25:00.806+0200][gc,task       ] GC(6) Using 10 workers of 10 for evacuation
[2023-10-23T19:25:00.810+0200][gc,phases     ] GC(6)   Pre Evacuate Collection Set: 0,0ms
[2023-10-23T19:25:00.810+0200][gc,phases     ] GC(6)   Evacuate Collection Set: 2,8ms
[2023-10-23T19:25:00.810+0200][gc,phases     ] GC(6)   Post Evacuate Collection Set: 0,5ms
[2023-10-23T19:25:00.810+0200][gc,phases     ] GC(6)   Other: 0,3ms
[2023-10-23T19:25:00.810+0200][gc,heap       ] GC(6) Eden regions: 48->0(45)
[2023-10-23T19:25:00.810+0200][gc,heap       ] GC(6) Survivor regions: 3->6(7)
[2023-10-23T19:25:00.810+0200][gc,heap       ] GC(6) Old regions: 14->14
[2023-10-23T19:25:00.810+0200][gc,heap       ] GC(6) Humongous regions: 129->129
[2023-10-23T19:25:00.810+0200][gc,metaspace  ] GC(6) Metaspace: 41034K(43648K)->41034K(43648K) NonClass: 35749K(37120K)->35749K(37120K) Class: 5285K(6528K)->5285K(6528K)
[2023-10-23T19:25:00.810+0200][gc            ] GC(6) Pause Young (Normal) (G1 Evacuation Pause) 191M->146M(1024M) 3,637ms
[2023-10-23T19:25:00.810+0200][gc,cpu        ] GC(6) User=0,03s Sys=0,00s Real=0,01s
[2023-10-23T19:53:55.256+0200][gc,start      ] GC(7) Pause Young (Normal) (G1 Evacuation Pause)
[2023-10-23T19:53:55.256+0200][gc,task       ] GC(7) Using 10 workers of 10 for evacuation
[2023-10-23T19:53:55.262+0200][gc,phases     ] GC(7)   Pre Evacuate Collection Set: 0,0ms
[2023-10-23T19:53:55.262+0200][gc,phases     ] GC(7)   Evacuate Collection Set: 5,8ms
[2023-10-23T19:53:55.262+0200][gc,phases     ] GC(7)   Post Evacuate Collection Set: 0,6ms
[2023-10-23T19:53:55.262+0200][gc,phases     ] GC(7)   Other: 0,4ms
[2023-10-23T19:53:55.262+0200][gc,heap       ] GC(7) Eden regions: 45->0(47)
[2023-10-23T19:53:55.262+0200][gc,heap       ] GC(7) Survivor regions: 6->4(7)
[2023-10-23T19:53:55.262+0200][gc,heap       ] GC(7) Old regions: 14->16
[2023-10-23T19:53:55.262+0200][gc,heap       ] GC(7) Humongous regions: 129->129
[2023-10-23T19:53:55.262+0200][gc,metaspace  ] GC(7) Metaspace: 42401K(45056K)->42401K(45056K) NonClass: 36871K(38144K)->36871K(38144K) Class: 5530K(6912K)->5530K(6912K)
[2023-10-23T19:53:55.262+0200][gc            ] GC(7) Pause Young (Normal) (G1 Evacuation Pause) 191M->146M(1024M) 6,900ms
[2023-10-23T19:53:55.262+0200][gc,cpu        ] GC(7) User=0,05s Sys=0,00s Real=0,00s
[2023-10-23T20:31:02.398+0200][gc,start      ] GC(8) Pause Young (Normal) (G1 Evacuation Pause)
[2023-10-23T20:31:02.398+0200][gc,task       ] GC(8) Using 10 workers of 10 for evacuation
[2023-10-23T20:31:02.404+0200][gc,phases     ] GC(8)   Pre Evacuate Collection Set: 0,0ms
[2023-10-23T20:31:02.404+0200][gc,phases     ] GC(8)   Evacuate Collection Set: 5,5ms
[2023-10-23T20:31:02.404+0200][gc,phases     ] GC(8)   Post Evacuate Collection Set: 0,8ms
[2023-10-23T20:31:02.404+0200][gc,phases     ] GC(8)   Other: 0,3ms
[2023-10-23T20:31:02.404+0200][gc,heap       ] GC(8) Eden regions: 47->0(47)
[2023-10-23T20:31:02.404+0200][gc,heap       ] GC(8) Survivor regions: 4->4(7)
[2023-10-23T20:31:02.404+0200][gc,heap       ] GC(8) Old regions: 16->16
[2023-10-23T20:31:02.404+0200][gc,heap       ] GC(8) Humongous regions: 129->129
[2023-10-23T20:31:02.404+0200][gc,metaspace  ] GC(8) Metaspace: 42647K(45312K)->42647K(45312K) NonClass: 37111K(38400K)->37111K(38400K) Class: 5535K(6912K)->5535K(6912K)
[2023-10-23T20:31:02.404+0200][gc            ] GC(8) Pause Young (Normal) (G1 Evacuation Pause) 193M->146M(1024M) 6,699ms
[2023-10-23T20:31:02.404+0200][gc,cpu        ] GC(8) User=0,05s Sys=0,00s Real=0,00s
[2023-10-23T21:08:37.397+0200][gc,start      ] GC(9) Pause Young (Normal) (G1 Evacuation Pause)
[2023-10-23T21:08:37.397+0200][gc,task       ] GC(9) Using 10 workers of 10 for evacuation
[2023-10-23T21:08:37.402+0200][gc,phases     ] GC(9)   Pre Evacuate Collection Set: 0,0ms
[2023-10-23T21:08:37.402+0200][gc,phases     ] GC(9)   Evacuate Collection Set: 3,5ms
[2023-10-23T21:08:37.402+0200][gc,phases     ] GC(9)   Post Evacuate Collection Set: 1,2ms
[2023-10-23T21:08:37.402+0200][gc,phases     ] GC(9)   Other: 0,3ms
[2023-10-23T21:08:37.402+0200][gc,heap       ] GC(9) Eden regions: 47->0(51)
[2023-10-23T21:08:37.402+0200][gc,heap       ] GC(9) Survivor regions: 4->4(7)
[2023-10-23T21:08:37.402+0200][gc,heap       ] GC(9) Old regions: 16->16
[2023-10-23T21:08:37.402+0200][gc,heap       ] GC(9) Humongous regions: 129->129
[2023-10-23T21:08:37.402+0200][gc,metaspace  ] GC(9) Metaspace: 42703K(45568K)->42703K(45568K) NonClass: 37167K(38656K)->37167K(38656K) Class: 5535K(6912K)->5535K(6912K)
[2023-10-23T21:08:37.402+0200][gc            ] GC(9) Pause Young (Normal) (G1 Evacuation Pause) 193M->146M(1024M) 5,295ms
[2023-10-23T21:08:37.402+0200][gc,cpu        ] GC(9) User=0,04s Sys=0,00s Real=0,00s
[2023-10-23T21:49:32.397+0200][gc,start      ] GC(10) Pause Young (Normal) (G1 Evacuation Pause)
[2023-10-23T21:49:32.398+0200][gc,task       ] GC(10) Using 10 workers of 10 for evacuation
[2023-10-23T21:49:32.406+0200][gc,phases     ] GC(10)   Pre Evacuate Collection Set: 0,0ms
[2023-10-23T21:49:32.407+0200][gc,phases     ] GC(10)   Evacuate Collection Set: 7,2ms
[2023-10-23T21:49:32.407+0200][gc,phases     ] GC(10)   Post Evacuate Collection Set: 1,5ms
[2023-10-23T21:49:32.407+0200][gc,phases     ] GC(10)   Other: 0,4ms
[2023-10-23T21:49:32.407+0200][gc,heap       ] GC(10) Eden regions: 51->0(63)
[2023-10-23T21:49:32.407+0200][gc,heap       ] GC(10) Survivor regions: 4->4(7)
[2023-10-23T21:49:32.407+0200][gc,heap       ] GC(10) Old regions: 16->16
[2023-10-23T21:49:32.407+0200][gc,heap       ] GC(10) Humongous regions: 129->129
[2023-10-23T21:49:32.407+0200][gc,metaspace  ] GC(10) Metaspace: 42738K(45568K)->42738K(45568K) NonClass: 37202K(38656K)->37202K(38656K) Class: 5535K(6912K)->5535K(6912K)
[2023-10-23T21:49:32.407+0200][gc            ] GC(10) Pause Young (Normal) (G1 Evacuation Pause) 197M->146M(1024M) 9,325ms
[2023-10-23T21:49:32.407+0200][gc,cpu        ] GC(10) User=0,07s Sys=0,00s Real=0,01s
[2023-10-23T22:40:22.397+0200][gc,start      ] GC(11) Pause Young (Normal) (G1 Evacuation Pause)
[2023-10-23T22:40:22.397+0200][gc,task       ] GC(11) Using 10 workers of 10 for evacuation
[2023-10-23T22:40:22.401+0200][gc,phases     ] GC(11)   Pre Evacuate Collection Set: 0,0ms
[2023-10-23T22:40:22.401+0200][gc,phases     ] GC(11)   Evacuate Collection Set: 1,9ms
[2023-10-23T22:40:22.401+0200][gc,phases     ] GC(11)   Post Evacuate Collection Set: 1,4ms
[2023-10-23T22:40:22.401+0200][gc,phases     ] GC(11)   Other: 0,2ms
[2023-10-23T22:40:22.401+0200][gc,heap       ] GC(11) Eden regions: 63->0(149)
[2023-10-23T22:40:22.401+0200][gc,heap       ] GC(11) Survivor regions: 4->4(9)
[2023-10-23T22:40:22.401+0200][gc,heap       ] GC(11) Old regions: 16->16
[2023-10-23T22:40:22.401+0200][gc,heap       ] GC(11) Humongous regions: 129->129
[2023-10-23T22:40:22.401+0200][gc,metaspace  ] GC(11) Metaspace: 42746K(45568K)->42746K(45568K) NonClass: 37210K(38656K)->37210K(38656K) Class: 5535K(6912K)->5535K(6912K)
[2023-10-23T22:40:22.401+0200][gc            ] GC(11) Pause Young (Normal) (G1 Evacuation Pause) 209M->146M(1024M) 3,583ms
[2023-10-23T22:40:22.401+0200][gc,cpu        ] GC(11) User=0,03s Sys=0,00s Real=0,00s
[2023-10-24T00:10:46.679+0200][gc,start      ] GC(12) Pause Young (Normal) (G1 Evacuation Pause)
[2023-10-24T00:10:46.679+0200][gc,task       ] GC(12) Using 10 workers of 10 for evacuation
[2023-10-24T00:10:46.683+0200][gc,phases     ] GC(12)   Pre Evacuate Collection Set: 0,0ms
[2023-10-24T00:10:46.683+0200][gc,phases     ] GC(12)   Evacuate Collection Set: 2,5ms
[2023-10-24T00:10:46.683+0200][gc,phases     ] GC(12)   Post Evacuate Collection Set: 0,8ms
[2023-10-24T00:10:46.683+0200][gc,phases     ] GC(12)   Other: 0,2ms
[2023-10-24T00:10:46.683+0200][gc,heap       ] GC(12) Eden regions: 130->0(203)
[2023-10-24T00:10:46.683+0200][gc,heap       ] GC(12) Survivor regions: 4->4(17)
[2023-10-24T00:10:46.683+0200][gc,heap       ] GC(12) Old regions: 16->16
[2023-10-24T00:10:46.683+0200][gc,heap       ] GC(12) Humongous regions: 129->129
[2023-10-24T00:10:46.683+0200][gc,metaspace  ] GC(12) Metaspace: 44412K(47360K)->44412K(47360K) NonClass: 38658K(40192K)->38658K(40192K) Class: 5753K(7168K)->5753K(7168K)
[2023-10-24T00:10:46.683+0200][gc            ] GC(12) Pause Young (Normal) (G1 Evacuation Pause) 276M->147M(1024M) 3,543ms
[2023-10-24T00:10:46.683+0200][gc,cpu        ] GC(12) User=0,02s Sys=0,01s Real=0,00s
[2023-10-24T00:10:46.945+0200][gc,heap,exit  ] Heap
[2023-10-24T00:10:46.945+0200][gc,heap,exit  ]  garbage-first heap   total 1048576K, used 155720K [0x00000000c0000000, 0x0000000100000000)
[2023-10-24T00:10:46.945+0200][gc,heap,exit  ]   region size 1024K, 10 young (10240K), 4 survivors (4096K)
[2023-10-24T00:10:46.945+0200][gc,heap,exit  ]  Metaspace       used 44608K, capacity 47444K, committed 47744K, reserved 1089536K
[2023-10-24T00:10:46.945+0200][gc,heap,exit  ]   class space    used 5812K, capacity 7213K, committed 7296K, reserved 1048576K
