[2023-10-21T20:00:03.047+0200][gc,heap] Heap region size: 1M
[2023-10-21T20:00:03.055+0200][gc     ] Using G1
[2023-10-21T20:00:03.055+0200][gc,heap,coops] Heap address: 0x00000000e0000000, size: 512 MB, Compressed Oops mode: 32-bit
[2023-10-21T20:00:03.056+0200][gc,cds       ] Mark closed archive regions in map: [0x00000000fff00000, 0x00000000fff6bff8]
[2023-10-21T20:00:03.056+0200][gc,cds       ] Mark open archive regions in map: [0x00000000ffe00000, 0x00000000ffe47ff8]
[2023-10-21T20:00:03.397+0200][gc,heap,exit ] Heap
[2023-10-21T20:00:03.397+0200][gc,heap,exit ]  garbage-first heap   total 524288K, used 18128K [0x00000000e0000000, 0x0000000100000000)
[2023-10-21T20:00:03.397+0200][gc,heap,exit ]   region size 1024K, 18 young (18432K), 0 survivors (0K)
[2023-10-21T20:00:03.397+0200][gc,heap,exit ]  Metaspace       used 6230K, capacity 6500K, committed 6784K, reserved 1056768K
[2023-10-21T20:00:03.397+0200][gc,heap,exit ]   class space    used 704K, capacity 812K, committed 896K, reserved 1048576K
