[2023-10-23T19:22:34.337+0200][gc,heap] Heap region size: 1M
[2023-10-23T19:22:34.351+0200][gc     ] Using G1
[2023-10-23T19:22:34.351+0200][gc,heap,coops] Heap address: 0x00000000e0000000, size: 512 MB, Compressed Oops mode: 32-bit
[2023-10-23T19:22:34.352+0200][gc,cds       ] Mark closed archive regions in map: [0x00000000fff00000, 0x00000000fff6bff8]
[2023-10-23T19:22:34.352+0200][gc,cds       ] Mark open archive regions in map: [0x00000000ffe00000, 0x00000000ffe47ff8]
[2023-10-23T19:22:35.141+0200][gc,start     ] GC(0) Pause Young (Normal) (G1 Evacuation Pause)
[2023-10-23T19:22:35.144+0200][gc,task      ] GC(0) Using 10 workers of 10 for evacuation
[2023-10-23T19:22:35.154+0200][gc,phases    ] GC(0)   Pre Evacuate Collection Set: 0,0ms
[2023-10-23T19:22:35.154+0200][gc,phases    ] GC(0)   Evacuate Collection Set: 9,5ms
[2023-10-23T19:22:35.154+0200][gc,phases    ] GC(0)   Post Evacuate Collection Set: 0,3ms
[2023-10-23T19:22:35.154+0200][gc,phases    ] GC(0)   Other: 2,5ms
[2023-10-23T19:22:35.154+0200][gc,heap      ] GC(0) Eden regions: 25->0(21)
[2023-10-23T19:22:35.154+0200][gc,heap      ] GC(0) Survivor regions: 0->4(4)
[2023-10-23T19:22:35.154+0200][gc,heap      ] GC(0) Old regions: 2->6
[2023-10-23T19:22:35.154+0200][gc,heap      ] GC(0) Humongous regions: 0->0
[2023-10-23T19:22:35.154+0200][gc,metaspace ] GC(0) Metaspace: 7248K(7680K)->7248K(7680K) NonClass: 6431K(6656K)->6431K(6656K) Class: 816K(1024K)->816K(1024K)
[2023-10-23T19:22:35.154+0200][gc           ] GC(0) Pause Young (Normal) (G1 Evacuation Pause) 25M->8M(512M) 12,460ms
[2023-10-23T19:22:35.154+0200][gc,cpu       ] GC(0) User=0,07s Sys=0,01s Real=0,01s
[2023-10-23T19:22:59.900+0200][gc,heap,exit ] Heap
[2023-10-23T19:22:59.900+0200][gc,heap,exit ]  garbage-first heap   total 524288K, used 14374K [0x00000000e0000000, 0x0000000100000000)
[2023-10-23T19:22:59.900+0200][gc,heap,exit ]   region size 1024K, 11 young (11264K), 4 survivors (4096K)
[2023-10-23T19:22:59.900+0200][gc,heap,exit ]  Metaspace       used 8093K, capacity 8460K, committed 8576K, reserved 1056768K
[2023-10-23T19:22:59.900+0200][gc,heap,exit ]   class space    used 906K, capacity 1063K, committed 1152K, reserved 1048576K
