[2023-10-23T19:22:41.282+0200][gc,heap] Heap region size: 1M
[2023-10-23T19:22:41.291+0200][gc     ] Using G1
[2023-10-23T19:22:41.291+0200][gc,heap,coops] Heap address: 0x00000000e0000000, size: 512 MB, Compressed Oops mode: 32-bit
[2023-10-23T19:22:41.291+0200][gc,cds       ] Mark closed archive regions in map: [0x00000000fff00000, 0x00000000fff6bff8]
[2023-10-23T19:22:41.291+0200][gc,cds       ] Mark open archive regions in map: [0x00000000ffe00000, 0x00000000ffe47ff8]
[2023-10-23T19:22:41.757+0200][gc,heap,exit ] Heap
[2023-10-23T19:22:41.757+0200][gc,heap,exit ]  garbage-first heap   total 524288K, used 24272K [0x00000000e0000000, 0x0000000100000000)
[2023-10-23T19:22:41.757+0200][gc,heap,exit ]   region size 1024K, 25 young (25600K), 0 survivors (0K)
[2023-10-23T19:22:41.757+0200][gc,heap,exit ]  Metaspace       used 7251K, capacity 7534K, committed 7680K, reserved 1056768K
[2023-10-23T19:22:41.757+0200][gc,heap,exit ]   class space    used 817K, capacity 926K, committed 1024K, reserved 1048576K
